Microchip MPLAB XC8 Compiler V2.36

Linker command line:

-W-3 --edf=C:\Program Files\Microchip\xc8\v2.36\pic\dat\en_msgs.txt -cn \
  -h+dist/default/production\Help_Traffic_LightPic1.X.production.sym \
  --cmf=dist/default/production\Help_Traffic_LightPic1.X.production.cmf -z \
  -Q18F4550 -oC:\Users\HP\AppData\Local\Temp\xcAsf6c.4 \
  --defsym=__MPLAB_BUILD=1 \
  -Mdist/default/production/Help_Traffic_LightPic1.X.production.map \
  --md=C:\Users\HP\AppData\Local\Temp\xcAsf6c.dat -E1 -ver=XC8 Compiler \
  --acfsm=1493 -ACODE=00h-07FFFh -ACONST=00h-07FFFh \
  -ASMALLCONST=0800h-08FFhx120 -AMEDIUMCONST=0800h-07FFFh -ACOMRAM=01h-05Fh \
  -AABS1=00h-07FFh -ABIGRAM=01h-07FFh -ARAM=060h-0FFh,0100h-01FFhx7 \
  -ABANK0=060h-0FFh -ABANK1=0100h-01FFh -ABANK2=0200h-02FFh \
  -ABANK3=0300h-03FFh -ABANK4=0400h-04FFh -ABANK5=0500h-05FFh \
  -ABANK6=0600h-06FFh -ABANK7=0700h-07FFh -ASFR=0F60h-0FFFh \
  -ABIGSFR=0F60h-0FFFh -ACONFIG=0300000h-030000Dh -AIDLOC=0200000h-0200007h \
  -AEEDATA=0F00000h-0F000FFh -peeprom_data=EEDATA \
  -preset_vec=00h,intcode,intcodelo,powerup,init -pramtop=0800h \
  -psmallconst=SMALLCONST -pmediumconst=MEDIUMCONST -pconst=CONST \
  -AFARRAM=00h-00h \
  -prdata=COMRAM,nvrram=COMRAM,nvbit=COMRAM,rbss=COMRAM,rbit=COMRAM \
  -pfarbss=FARRAM,fardata=FARRAM,nvFARRAM=FARRAM \
  -pintsave_regs=BIGRAM,bigbss=BIGRAM,bigdata=BIGRAM -pbss=RAM \
  -pidata=CODE,irdata=CODE,ibigdata=CODE,ifardata=CODE -prparam=COMRAM \
  C:\Users\HP\AppData\Local\Temp\xcAsf6c.o \
  dist/default/production\Help_Traffic_LightPic1.X.production.o 

Object code version is 3.11

Machine type is 18F4550



                Name                               Link     Load   Length Selector   Space Scale
C:\Users\HP\AppData\Local\Temp\xcAsf6c.o
                idloc                            200000   200000        8        0       5
                config                           300000   300000        E        0       4
                init                                  0        0        4        0       0
dist/default/production\Help_Traffic_LightPic1.X.production.o
                idloc                            200000   200000        8        0       5
                config                           300000   300000        E        0       4
                smallconst                          800      800       30      400       0
                text38                             2814     2814        A      418       0
                text37                             2800     2800       14      418       0
                text36                              830      830      4C0      418       0
                text35                              CF0      CF0      39A      418       0
                text34                             1CBE     1CBE      106      418       0
                text33                             16C8     16C8      1B4      418       0
                text32                             20C0     20C0       94      418       0
                text31                             27BC     27BC       18      418       0
                text30                             234C     234C       74      418       0
                text29                             2154     2154       92      418       0
                text28                             27EA     27EA       16      418       0
                text27                             270C     270C       36      418       0
                text26                             24E4     24E4       5A      418       0
                text25                             2010     2010       B0      418       0
                text24                             2488     2488       5C      418       0
                text23                             279C     279C       20      418       0
                text22                             23C0     23C0       66      418       0
                text21                             269E     269E       38      418       0
                text20                             21E6     21E6       7E      418       0
                text19                             2776     2776       26      418       0
                text18                             2666     2666       38      418       0
                text17                             2590     2590       52      418       0
                text16                             1B68     1B68      156      418       0
                text15                             187C     187C      188      418       0
                text14                             1A04     1A04      164      418       0
                text13                             2626     2626       40      418       0
                text12                             281E     281E        2      418       0
                text11                             1DC4     1DC4       CA      418       0
                text10                             25E2     25E2       44      418       0
                text9                              26D6     26D6       36      418       0
                text8                              1E8E     1E8E       C6      418       0
                text7                              13E6     13E6      2E2      418       0
                text6                              108A     108A      35C      418       0
                text5                              2426     2426       62      418       0
                text4                              253E     253E       52      418       0
                text3                              22D8     22D8       74      418       0
                text2                              1F54     1F54       BC      418       0
                text1                              2264     2264       74      418       0
                text0                              2742     2742       34      418       0
                cstackCOMRAM                          1        1       5F        1       1
                cstackBANK0                          A8       A8       1B       60       1
                bssBANK0                             60       60       48       60       1
                cinit                              27D4     27D4       16      418       0

TOTAL           Name                               Link     Load   Length     Space
        CLASS   CODE           
                init                                  0        0        4         0
                text38                             2814     2814        A         0
                text37                             2800     2800       14         0
                text36                              830      830      4C0         0
                text35                              CF0      CF0      39A         0
                text34                             1CBE     1CBE      106         0
                text33                             16C8     16C8      1B4         0
                text32                             20C0     20C0       94         0
                text31                             27BC     27BC       18         0
                text30                             234C     234C       74         0
                text29                             2154     2154       92         0
                text28                             27EA     27EA       16         0
                text27                             270C     270C       36         0
                text26                             24E4     24E4       5A         0
                text25                             2010     2010       B0         0
                text24                             2488     2488       5C         0
                text23                             279C     279C       20         0
                text22                             23C0     23C0       66         0
                text21                             269E     269E       38         0
                text20                             21E6     21E6       7E         0
                text19                             2776     2776       26         0
                text18                             2666     2666       38         0
                text17                             2590     2590       52         0
                text16                             1B68     1B68      156         0
                text15                             187C     187C      188         0
                text14                             1A04     1A04      164         0
                text13                             2626     2626       40         0
                text12                             281E     281E        2         0
                text11                             1DC4     1DC4       CA         0
                text10                             25E2     25E2       44         0
                text9                              26D6     26D6       36         0
                text8                              1E8E     1E8E       C6         0
                text7                              13E6     13E6      2E2         0
                text6                              108A     108A      35C         0
                text5                              2426     2426       62         0
                text4                              253E     253E       52         0
                text3                              22D8     22D8       74         0
                text2                              1F54     1F54       BC         0
                text1                              2264     2264       74         0
                text0                              2742     2742       34         0
                cinit                              27D4     27D4       16         0

        CLASS   CONST          

        CLASS   SMALLCONST     
                smallconst                          800      800       30         0

        CLASS   MEDIUMCONST    

        CLASS   COMRAM         
                cstackCOMRAM                          1        1       5F         1

        CLASS   ABS1           

        CLASS   BIGRAM         

        CLASS   RAM            

        CLASS   BANK0          
                cstackBANK0                          A8       A8       1B         1
                bssBANK0                             60       60       48         1

        CLASS   BANK1          

        CLASS   BANK2          

        CLASS   BANK3          

        CLASS   BANK4          

        CLASS   BANK5          

        CLASS   BANK6          

        CLASS   BANK7          

        CLASS   SFR            

        CLASS   BIGSFR         

        CLASS   CONFIG         
                config                           300000   300000        E         4

        CLASS   IDLOC          
                idloc                            200000   200000        8         5

        CLASS   EEDATA         

        CLASS   FARRAM         

        CLASS   HEAP           

        CLASS   STACK          



SEGMENTS        Name                           Load    Length   Top    Selector   Space  Class

                reset_vec                      000000  000004  000004         0       0  CODE    
                cstackCOMRAM                   000001  00005F  000060         1       1  COMRAM  
                bssBANK0                       000060  000063  0000C3        60       1  BANK0   
                smallconst                     000800  000030  000830       400       0  SMALLCON
                text36                         000830  001FF0  002820       418       0  CODE    


UNUSED ADDRESS RANGES

        Name                Unused          Largest block    Delta
        BANK0            0000C3-0000FF               3D
        BANK1            000100-0001FF              100
        BANK2            000200-0002FF              100
        BANK3            000300-0003FF              100
        BANK4            000400-0004FF              100
        BANK5            000500-0005FF              100
        BANK6            000600-0006FF              100
        BANK7            000700-0007FF              100
        BIGRAM           0000C3-0007FF              73D
        BIGSFR           000F60-000FFF               A0
        CODE             000004-0007FF              7FC
                         002820-007FFF             57E0
        CONST            000004-0007FF              7FC
                         002820-007FFF             57E0
        EEDATA           F00000-F000FF              100
        MEDIUMCONST      002820-007FFF             57E0
        RAM              0000C3-0007FF              100
        SFR              000F60-000FFF               A0
        SMALLCONST       002820-007FFF              100

                                  Symbol Table

?_Obtener_Distancia              cstackCOMRAM 000008
?___aodiv                        cstackCOMRAM 000001
?___aomod                        cstackCOMRAM 000001
?___fladd                        cstackCOMRAM 000028
?___fldiv                        cstackCOMRAM 00000F
?___fltol                        cstackCOMRAM 000001
?___lwdiv                        cstackCOMRAM 000001
?___wmul                         cstackCOMRAM 000001
?___xxtofl                       cstackCOMRAM 000001
?_abs                            cstackCOMRAM 000013
?_atoi                           cstackCOMRAM 000008
?_dtoa                           cstackCOMRAM 00001C
?_isdigit                        cstackCOMRAM 000001
?_isspace                        cstackCOMRAM 000001
?_pad                            cstackCOMRAM 000011
?_sprintf                        cstackBANK0  0000A8
?_strlen                         cstackCOMRAM 000001
?_vfpfcnvrt                      cstackCOMRAM 000040
?_vfprintf                       cstackCOMRAM 000054
Lcd_Cmd@a                        cstackCOMRAM 000003
Lcd_Port@a                       cstackCOMRAM 000001
Obtener_Distancia@Distancia      cstackCOMRAM 00000E
Obtener_Distancia@Duracion       cstackCOMRAM 000010
Obtener_Distancia@Timer_1        cstackCOMRAM 00000C
USART_Init@baud_rate             cstackCOMRAM 000038
USART_Init@temp                  cstackCOMRAM 00003C
USART_SendString@out             cstackCOMRAM 000002
USART_TxChar@out                 cstackCOMRAM 000001
_ADCON1                          (abs)        000FC1
_ADCON1bits                      (abs)        000FC1
_CREN                            (abs)        007D5C
_Configuracion_Registros         text38       002814
_LATAbits                        (abs)        000F89
_LATD0                           (abs)        007C60
_LATD1                           (abs)        007C61
_LATD2                           (abs)        007C62
_LATD3                           (abs)        007C63
_LATD4                           (abs)        007C64
_LCD_Buffer                      bssBANK0     000088
_Lcd_Cmd                         text23       00279C
_Lcd_Port                        text24       002488
_OSCCON                          (abs)        000FD3
_Obtener_Distancia               text29       002154
_PORTAbits                       (abs)        000F80
_PORTDbits                       (abs)        000F83
_RB2                             (abs)        007C0A
_RB3                             (abs)        007C0B
_RB4                             (abs)        007C0C
_RB5                             (abs)        007C0D
_RB6                             (abs)        007C0E
_RB7                             (abs)        007C0F
_RCIF                            (abs)        007CF5
_RCREG                           (abs)        000FAE
_RCSTA                           (abs)        000FAB
_RCSTAbits                       (abs)        000FAB
_SPBRG                           (abs)        000FAF
_T1CONbits                       (abs)        000FCD
_TMR1                            (abs)        000FCE
_TMR1ON                          (abs)        007E68
_TRISA                           (abs)        000F92
_TRISA2                          (abs)        007C92
_TRISB                           (abs)        000F93
_TRISC6                          (abs)        007CA6
_TRISC7                          (abs)        007CA7
_TRISD                           (abs)        000F95
_TXIF                            (abs)        007CF4
_TXREG                           (abs)        000FAD
_TXSTA                           (abs)        000FAC
_Timer1_Init                     text37       002800
_USART_Init                      text32       0020C0
_USART_SendString                text27       00270C
_USART_TxChar                    text28       0027EA
__HRAM                           (abs)        000000
__Habs1                          abs1         000000
__Hbank0                         bank0        000000
__Hbank1                         bank1        000000
__Hbank2                         bank2        000000
__Hbank3                         bank3        000000
__Hbank4                         bank4        000000
__Hbank5                         bank5        000000
__Hbank6                         bank6        000000
__Hbank7                         bank7        000000
__Hbigbss                        bigbss       000000
__Hbigdata                       bigdata      000000
__Hbigram                        bigram       000000
__Hbigsfr                        bigsfr       000000
__Hbss                           bss          000000
__HbssBANK0                      bssBANK0     000000
__Hcinit                         cinit        000000
__Hclrtext                       clrtext      000000
__Hcomram                        comram       000000
__Hconfig                        config       30000E
__Hconst                         const        000000
__HcstackBANK0                   cstackBANK0  000000
__HcstackCOMRAM                  cstackCOMRAM 000000
__Hdata                          data         000000
__Heeprom_data                   eeprom_data  000000
__Hfarbss                        farbss       000000
__Hfardata                       fardata      000000
__Hheap                          heap         000000
__Hibigdata                      ibigdata     000000
__Hidata                         idata        000000
__Hidloc                         idloc        200008
__Hifardata                      ifardata     000000
__Hinit                          init         000004
__Hintcode                       intcode      000000
__Hintcode_body                  intcode_body 000000
__Hintcodelo                     intcodelo    000000
__Hintentry                      intentry     000000
__Hintret                        intret       000000
__Hintsave_regs                  intsave_regs 000000
__Hirdata                        irdata       000000
__Hmediumconst                   mediumconst  000000
__HnvFARRAM                      nvFARRAM     000000
__Hnvbit                         nvbit        000000
__Hnvrram                        nvrram       000000
__Hparam                         rparam       000000
__Hpowerup                       powerup      000000
__Hram                           ram          000000
__Hramtop                        ramtop       000800
__Hrbit                          rbit         000000
__Hrbss                          rbss         000000
__Hrdata                         rdata        000000
__Hreset_vec                     reset_vec    000000
__Hrparam                        rparam       000000
__Hsfr                           sfr          000000
__Hsmallconst                    smallconst   000830
__Hspace_0                       (abs)        002820
__Hspace_1                       (abs)        0000C3
__Hspace_2                       (abs)        000000
__Hspace_4                       (abs)        60000E
__Hstack                         stack        000000
__Hstruct                        struct       000000
__Htemp                          temp         000000
__Htext                          text         000000
__Htext0                         text0        000000
__Htext1                         text1        000000
__Htext10                        text10       000000
__Htext11                        text11       000000
__Htext12                        text12       000000
__Htext13                        text13       000000
__Htext14                        text14       000000
__Htext15                        text15       000000
__Htext16                        text16       000000
__Htext17                        text17       000000
__Htext18                        text18       000000
__Htext19                        text19       000000
__Htext2                         text2        000000
__Htext20                        text20       000000
__Htext21                        text21       000000
__Htext22                        text22       000000
__Htext23                        text23       000000
__Htext24                        text24       000000
__Htext25                        text25       000000
__Htext26                        text26       000000
__Htext27                        text27       000000
__Htext28                        text28       000000
__Htext29                        text29       000000
__Htext3                         text3        000000
__Htext30                        text30       000000
__Htext31                        text31       000000
__Htext32                        text32       000000
__Htext33                        text33       000000
__Htext34                        text34       000000
__Htext35                        text35       000000
__Htext36                        text36       000000
__Htext37                        text37       000000
__Htext38                        text38       000000
__Htext4                         text4        000000
__Htext5                         text5        000000
__Htext6                         text6        000000
__Htext7                         text7        000000
__Htext8                         text8        000000
__Htext9                         text9        000000
__LRAM                           (abs)        000001
__Labs1                          abs1         000000
__Lbank0                         bank0        000000
__Lbank1                         bank1        000000
__Lbank2                         bank2        000000
__Lbank3                         bank3        000000
__Lbank4                         bank4        000000
__Lbank5                         bank5        000000
__Lbank6                         bank6        000000
__Lbank7                         bank7        000000
__Lbigbss                        bigbss       000000
__Lbigdata                       bigdata      000000
__Lbigram                        bigram       000000
__Lbigsfr                        bigsfr       000000
__Lbss                           bss          000000
__LbssBANK0                      bssBANK0     000000
__Lcinit                         cinit        000000
__Lclrtext                       clrtext      000000
__Lcomram                        comram       000000
__Lconfig                        config       000000
__Lconst                         const        000000
__LcstackBANK0                   cstackBANK0  000000
__LcstackCOMRAM                  cstackCOMRAM 000000
__Ldata                          data         000000
__Leeprom_data                   eeprom_data  000000
__Lfarbss                        farbss       000000
__Lfardata                       fardata      000000
__Lheap                          heap         000000
__Libigdata                      ibigdata     000000
__Lidata                         idata        000000
__Lidloc                         idloc        000000
__Lifardata                      ifardata     000000
__Linit                          init         000000
__Lintcode                       intcode      000000
__Lintcode_body                  intcode_body 000000
__Lintcodelo                     intcodelo    000000
__Lintentry                      intentry     000000
__Lintret                        intret       000000
__Lintsave_regs                  intsave_regs 000000
__Lirdata                        irdata       000000
__Lmediumconst                   mediumconst  000000
__LnvFARRAM                      nvFARRAM     000000
__Lnvbit                         nvbit        000000
__Lnvrram                        nvrram       000000
__Lparam                         rparam       000000
__Lpowerup                       powerup      000000
__Lram                           ram          000000
__Lramtop                        ramtop       000800
__Lrbit                          rbit         000000
__Lrbss                          rbss         000000
__Lrdata                         rdata        000000
__Lreset_vec                     reset_vec    000000
__Lrparam                        rparam       000000
__Lsfr                           sfr          000000
__Lsmallconst                    smallconst   000800
__Lspace_0                       (abs)        000000
__Lspace_1                       (abs)        000000
__Lspace_2                       (abs)        000000
__Lspace_4                       (abs)        000000
__Lstack                         stack        000000
__Lstruct                        struct       000000
__Ltemp                          temp         000000
__Ltext                          text         000000
__Ltext0                         text0        000000
__Ltext1                         text1        000000
__Ltext10                        text10       000000
__Ltext11                        text11       000000
__Ltext12                        text12       000000
__Ltext13                        text13       000000
__Ltext14                        text14       000000
__Ltext15                        text15       000000
__Ltext16                        text16       000000
__Ltext17                        text17       000000
__Ltext18                        text18       000000
__Ltext19                        text19       000000
__Ltext2                         text2        000000
__Ltext20                        text20       000000
__Ltext21                        text21       000000
__Ltext22                        text22       000000
__Ltext23                        text23       000000
__Ltext24                        text24       000000
__Ltext25                        text25       000000
__Ltext26                        text26       000000
__Ltext27                        text27       000000
__Ltext28                        text28       000000
__Ltext29                        text29       000000
__Ltext3                         text3        000000
__Ltext30                        text30       000000
__Ltext31                        text31       000000
__Ltext32                        text32       000000
__Ltext33                        text33       000000
__Ltext34                        text34       000000
__Ltext35                        text35       000000
__Ltext36                        text36       000000
__Ltext37                        text37       000000
__Ltext38                        text38       000000
__Ltext4                         text4        000000
__Ltext5                         text5        000000
__Ltext6                         text6        000000
__Ltext7                         text7        000000
__Ltext8                         text8        000000
__Ltext9                         text9        000000
__S0                             (abs)        002820
__S1                             (abs)        0000C3
__S4                             (abs)        000000
__S5                             (abs)        000000
___aodiv                         text15       00187C
___aodiv@counter                 cstackCOMRAM 000011
___aodiv@dividend                cstackCOMRAM 000001
___aodiv@divisor                 cstackCOMRAM 000009
___aodiv@quotient                cstackCOMRAM 000013
___aodiv@sign                    cstackCOMRAM 000012
___aomod                         text14       001A04
___aomod@counter                 cstackCOMRAM 000011
___aomod@dividend                cstackCOMRAM 000001
___aomod@divisor                 cstackCOMRAM 000009
___aomod@sign                    cstackCOMRAM 000012
___fladd                         text36       000830
___fladd@a                       cstackCOMRAM 00002C
___fladd@aexp                    cstackCOMRAM 000035
___fladd@b                       cstackCOMRAM 000028
___fladd@bexp                    cstackCOMRAM 000036
___fladd@grs                     cstackCOMRAM 000037
___fladd@signs                   cstackCOMRAM 000034
___fldiv                         text35       000CF0
___fldiv@a                       cstackCOMRAM 000013
___fldiv@aexp                    cstackCOMRAM 000027
___fldiv@b                       cstackCOMRAM 00000F
___fldiv@bexp                    cstackCOMRAM 000026
___fldiv@grs                     cstackCOMRAM 000022
___fldiv@new_exp                 cstackCOMRAM 000020
___fldiv@rem                     cstackCOMRAM 00001B
___fldiv@sign                    cstackCOMRAM 00001F
___fltol                         text34       001CBE
___fltol@exp1                    cstackCOMRAM 00000A
___fltol@f1                      cstackCOMRAM 000001
___fltol@sign1                   cstackCOMRAM 000009
___heap_hi                       (abs)        000000
___heap_lo                       (abs)        000000
___inthi_sp                      stack        000000
___intlo_sp                      stack        000000
___lwdiv                         text30       00234C
___lwdiv@counter                 cstackCOMRAM 000007
___lwdiv@dividend                cstackCOMRAM 000001
___lwdiv@divisor                 cstackCOMRAM 000003
___lwdiv@quotient                cstackCOMRAM 000005
___param_bank                    (abs)        000000
___rparam_used                   (abs)        000001
___sp                            stack        000000
___wmul                          text19       002776
___wmul@multiplicand             cstackCOMRAM 000003
___wmul@multiplier               cstackCOMRAM 000001
___wmul@product                  cstackCOMRAM 000005
___xxtofl                        text33       0016C8
___xxtofl@arg                    cstackCOMRAM 00000B
___xxtofl@exp                    cstackCOMRAM 00000A
___xxtofl@sign                   cstackCOMRAM 000009
___xxtofl@val                    cstackCOMRAM 000001
__accesstop                      (abs)        000060
__activetblptr                   (abs)        000002
__end_of_Configuracion_Registros text38       00281E
__end_of_Lcd_Cmd                 text23       0027BC
__end_of_Lcd_Port                text24       0024E4
__end_of_Obtener_Distancia       text29       0021E6
__end_of_Timer1_Init             text37       002814
__end_of_USART_Init              text32       002154
__end_of_USART_SendString        text27       002742
__end_of_USART_TxChar            text28       002800
__end_of___aodiv                 text15       001A04
__end_of___aomod                 text14       001B68
__end_of___fladd                 text36       000CF0
__end_of___fldiv                 text35       00108A
__end_of___fltol                 text34       001DC4
__end_of___lwdiv                 text30       0023C0
__end_of___wmul                  text19       00279C
__end_of___xxtofl                text33       00187C
__end_of__initialization         cinit        0027E0
__end_of_abs                     text13       002666
__end_of_atoi                    text16       001CBE
__end_of_controlSemaforo         text2        002010
__end_of_delaymsled_red_green    text26       00253E
__end_of_delaymsled_yellow       text31       0027D4
__end_of_dtoa                    text7        0016C8
__end_of_fputc                   text11       001E8E
__end_of_fputs                   text10       002626
__end_of_funcion_SensorPir       text25       0020C0
__end_of_isdigit                 text18       00269E
__end_of_isspace                 text17       0025E2
__end_of_lcd_gotoxy              text22       002426
__end_of_lcd_init                text1        0022D8
__end_of_lcd_putc                text20       002264
__end_of_lcd_write_char          text21       0026D6
__end_of_llamar_ultrasonico      text3        00234C
__end_of_main                    text0        002776
__end_of_pad                     text8        001F54
__end_of_putch                   text12       002820
__end_of_sprintf                 text4        002590
__end_of_strlen                  text9        00270C
__end_of_vfpfcnvrt               text6        0013E6
__end_of_vfprintf                text5        002488
__initialization                 cinit        0027D4
__mediumconst                    mediumconst  000000
__pbssBANK0                      bssBANK0     000060
__pcinit                         cinit        0027D4
__pcstackBANK0                   cstackBANK0  0000A8
__pcstackCOMRAM                  cstackCOMRAM 000001
__psmallconst                    smallconst   000800
__ptext0                         text0        002742
__ptext1                         text1        002264
__ptext10                        text10       0025E2
__ptext11                        text11       001DC4
__ptext12                        text12       00281E
__ptext13                        text13       002626
__ptext14                        text14       001A04
__ptext15                        text15       00187C
__ptext16                        text16       001B68
__ptext17                        text17       002590
__ptext18                        text18       002666
__ptext19                        text19       002776
__ptext2                         text2        001F54
__ptext20                        text20       0021E6
__ptext21                        text21       00269E
__ptext22                        text22       0023C0
__ptext23                        text23       00279C
__ptext24                        text24       002488
__ptext25                        text25       002010
__ptext26                        text26       0024E4
__ptext27                        text27       00270C
__ptext28                        text28       0027EA
__ptext29                        text29       002154
__ptext3                         text3        0022D8
__ptext30                        text30       00234C
__ptext31                        text31       0027BC
__ptext32                        text32       0020C0
__ptext33                        text33       0016C8
__ptext34                        text34       001CBE
__ptext35                        text35       000CF0
__ptext36                        text36       000830
__ptext37                        text37       002800
__ptext38                        text38       002814
__ptext4                         text4        00253E
__ptext5                         text5        002426
__ptext6                         text6        00108A
__ptext7                         text7        0013E6
__ptext8                         text8        001E8E
__ptext9                         text9        0026D6
__ramtop                         ramtop       000800
__smallconst                     smallconst   000800
_abs                             text13       002626
_atoi                            text16       001B68
_controlSemaforo                 text2        001F54
_dbuf                            bssBANK0     000068
_delaymsled_red_green            text26       0024E4
_delaymsled_yellow               text31       0027BC
_dtoa                            text7        0013E6
_dtoa$1023                       cstackCOMRAM 00002E
_flags                           bssBANK0     000066
_fputc                           text11       001DC4
_fputs                           text10       0025E2
_funcion_SensorPir               text25       002010
_isdigit                         text18       002666
_isspace                         text17       002590
_isspace$1072                    cstackCOMRAM 000007
_lcd_gotoxy                      text22       0023C0
_lcd_init                        text1        002264
_lcd_putc                        text20       0021E6
_lcd_write_char                  text21       00269E
_llamar_ultrasonico              text3        0022D8
_main                            text0        002742
_nout                            bssBANK0     000060
_pad                             text8        001E8E
_prec                            bssBANK0     000064
_putch                           text12       00281E
_sprintf                         text4        00253E
_strlen                          text9        0026D6
_vfpfcnvrt                       text6        00108A
_vfprintf                        text5        002426
_width                           bssBANK0     000062
abs@a                            cstackCOMRAM 000013
atoi@n                           cstackCOMRAM 000010
atoi@neg                         cstackCOMRAM 00000E
atoi@s                           cstackCOMRAM 000008
controlSemaforo@Distancia        cstackBANK0  0000BC
dtoa@d                           cstackCOMRAM 00001E
dtoa@fp                          cstackCOMRAM 00001C
dtoa@i                           cstackCOMRAM 00003E
dtoa@n                           cstackCOMRAM 000036
dtoa@p                           cstackCOMRAM 000030
dtoa@s                           cstackCOMRAM 000034
dtoa@w                           cstackCOMRAM 000032
end_of_initialization            cinit        0027E0
fputc@c                          cstackCOMRAM 000001
fputc@fp                         cstackCOMRAM 000003
fputs@c                          cstackCOMRAM 00000E
fputs@fp                         cstackCOMRAM 00000C
fputs@i                          cstackCOMRAM 00000F
fputs@s                          cstackCOMRAM 00000A
funcion_SensorPir@Distancia      cstackCOMRAM 000014
funcion_SensorPir@bandera        cstackCOMRAM 000012
intlevel0                        text         000000
intlevel1                        text         000000
intlevel2                        text         000000
intlevel3                        text         000000
isa$std                          (abs)        000001
isa$xinst                        (abs)        000000
isdigit@c                        cstackCOMRAM 000001
isspace@c                        cstackCOMRAM 000001
lcd_gotoxy@a                     cstackCOMRAM 000005
lcd_gotoxy@b                     cstackCOMRAM 000004
lcd_gotoxy@temp                  cstackCOMRAM 000008
lcd_gotoxy@y                     cstackCOMRAM 000007
lcd_gotoxy@z                     cstackCOMRAM 000006
lcd_putc@a                       cstackCOMRAM 000005
lcd_putc@i                       cstackCOMRAM 000009
lcd_write_char@a                 cstackCOMRAM 000004
lcd_write_char@temp              cstackCOMRAM 000002
lcd_write_char@y                 cstackCOMRAM 000003
llamar_ultrasonico@Distancia     cstackCOMRAM 00005C
pad@buf                          cstackCOMRAM 000013
pad@fp                           cstackCOMRAM 000011
pad@i                            cstackCOMRAM 000018
pad@p                            cstackCOMRAM 000015
pad@w                            cstackCOMRAM 00001A
sprintf@ap                       cstackBANK0  0000AE
sprintf@f                        cstackBANK0  0000B0
sprintf@fmt                      cstackBANK0  0000AA
sprintf@s                        cstackBANK0  0000A8
stackhi                          (abs)        000000
stacklo                          (abs)        000000
start                            init         000000
start_initialization             cinit        0027D4
strlen@a                         cstackCOMRAM 000003
strlen@s                         cstackCOMRAM 000001
vfpfcnvrt@ap                     cstackCOMRAM 000044
vfpfcnvrt@done                   cstackCOMRAM 000052
vfpfcnvrt@fmt                    cstackCOMRAM 000042
vfpfcnvrt@fp                     cstackCOMRAM 000040
vfpfcnvrt@ll                     cstackCOMRAM 00004A
vfprintf@ap                      cstackCOMRAM 000058
vfprintf@cfmt                    cstackCOMRAM 00005A
vfprintf@fmt                     cstackCOMRAM 000056
vfprintf@fp                      cstackCOMRAM 000054


MODULE INFORMATION

Module		Function		Class		Link	Load	Size
C:\Program Files\Microchip\xc8\v2.36\pic\sources\c99\common\putch.c
		_putch         		CODE           	281E	0000	2

C:\Program Files\Microchip\xc8\v2.36\pic\sources\c99\common\putch.c estimated size: 2

mainPic1.c
		_delaymsled_red_green		CODE           	24E4	0000	90
		_funcion_SensorPir		CODE           	2010	0000	176
		_delaymsled_yellow		CODE           	27BC	0000	24
		_main          		CODE           	2742	0000	52
		_Timer1_Init   		CODE           	2800	0000	20
		_Configuracion_Registros		CODE           	2814	0000	10
		_controlSemaforo		CODE           	1F54	0000	188
		_Obtener_Distancia		CODE           	2154	0000	146
		_llamar_ultrasonico		CODE           	22D8	0000	116

mainPic1.c estimated size: 822

C:\Program Files\Microchip\xc8\v2.36\pic\sources\c99\common\nf_fputs.c
		_fputs         		CODE           	25E2	0000	68

C:\Program Files\Microchip\xc8\v2.36\pic\sources\c99\common\nf_fputs.c estimated size: 68

C:\Program Files\Microchip\xc8\v2.36\pic\sources\c99\common\aomod.c
		___aomod       		CODE           	1A04	0000	356

C:\Program Files\Microchip\xc8\v2.36\pic\sources\c99\common\aomod.c estimated size: 356

C:\Program Files\Microchip\xc8\v2.36\pic\sources\c99\common\sprcdiv.c
		___fldiv       		CODE           	0CF0	0000	922

C:\Program Files\Microchip\xc8\v2.36\pic\sources\c99\common\sprcdiv.c estimated size: 922

C:\Program Files\Microchip\xc8\v2.36\pic\sources\c99\common\atoi.c
		_atoi          		CODE           	1B68	0000	342

C:\Program Files\Microchip\xc8\v2.36\pic\sources\c99\common\atoi.c estimated size: 342

C:\Program Files\Microchip\xc8\v2.36\pic\sources\c99\common\nf_sprintf.c
		_sprintf       		CODE           	253E	0000	82

C:\Program Files\Microchip\xc8\v2.36\pic\sources\c99\common\nf_sprintf.c estimated size: 82

C:\Program Files\Microchip\xc8\v2.36\pic\sources\c99\common\isspace.c
		_isspace       		CODE           	2590	0000	82

C:\Program Files\Microchip\xc8\v2.36\pic\sources\c99\common\isspace.c estimated size: 82

USART_SOURCE_FILE.c
		_USART_TxChar  		CODE           	27EA	0000	22
		_USART_SendString		CODE           	270C	0000	54
		_USART_Init    		CODE           	20C0	0000	148

USART_SOURCE_FILE.c estimated size: 224

C:\Program Files\Microchip\xc8\v2.36\pic\sources\c99\common\xxtofl.c
		___xxtofl      		CODE           	16C8	0000	436

C:\Program Files\Microchip\xc8\v2.36\pic\sources\c99\common\xxtofl.c estimated size: 436

./LCD_16x2_Library.h
		_lcd_write_char		CODE           	269E	0000	56
		_lcd_putc      		CODE           	21E6	0000	126
		_Lcd_Cmd       		CODE           	279C	0000	32
		_lcd_gotoxy    		CODE           	23C0	0000	102
		_Lcd_Port      		CODE           	2488	0000	92
		_lcd_init      		CODE           	2264	0000	116

./LCD_16x2_Library.h estimated size: 524

C:\Program Files\Microchip\xc8\v2.36\pic\sources\c99\common\strlen.c
		_strlen        		CODE           	26D6	0000	54

C:\Program Files\Microchip\xc8\v2.36\pic\sources\c99\common\strlen.c estimated size: 54

C:\Program Files\Microchip\xc8\v2.36\pic\sources\c99\common\aodiv.c
		___aodiv       		CODE           	187C	0000	392

C:\Program Files\Microchip\xc8\v2.36\pic\sources\c99\common\aodiv.c estimated size: 392

C:\Program Files\Microchip\xc8\v2.36\pic\sources\c99\common\nf_fputc.c
		_fputc         		CODE           	1DC4	0000	202

C:\Program Files\Microchip\xc8\v2.36\pic\sources\c99\common\nf_fputc.c estimated size: 202

C:\Program Files\Microchip\xc8\v2.36\pic\sources\c99\common\isdigit.c
		_isdigit       		CODE           	2666	0000	56

C:\Program Files\Microchip\xc8\v2.36\pic\sources\c99\common\isdigit.c estimated size: 56

C:\Program Files\Microchip\xc8\v2.36\pic\sources\c99\common\sprcadd.c
		___fladd       		CODE           	0830	0000	1216

C:\Program Files\Microchip\xc8\v2.36\pic\sources\c99\common\sprcadd.c estimated size: 1216

C:\Program Files\Microchip\xc8\v2.36\pic\sources\c99\common\lwdiv.c
		___lwdiv       		CODE           	234C	0000	116

C:\Program Files\Microchip\xc8\v2.36\pic\sources\c99\common\lwdiv.c estimated size: 116

C:\Program Files\Microchip\xc8\v2.36\pic\sources\c99\common\doprnt.c
		_vfpfcnvrt     		CODE           	108A	0000	860
		_pad           		CODE           	1E8E	0000	198
		_dtoa          		CODE           	13E6	0000	738
		_vfprintf      		CODE           	2426	0000	98

C:\Program Files\Microchip\xc8\v2.36\pic\sources\c99\common\doprnt.c estimated size: 1894

C:\Program Files\Microchip\xc8\v2.36\pic\sources\c99\common\fltol.c
		___fltol       		CODE           	1CBE	0000	262

C:\Program Files\Microchip\xc8\v2.36\pic\sources\c99\common\fltol.c estimated size: 262

shared
		__initialization		CODE           	27D4	0000	12

shared estimated size: 12

C:\Program Files\Microchip\xc8\v2.36\pic\sources\c99\common\abs.c
		_abs           		CODE           	2626	0000	64

C:\Program Files\Microchip\xc8\v2.36\pic\sources\c99\common\abs.c estimated size: 64

C:\Program Files\Microchip\xc8\v2.36\pic\sources\c99\common\Umul16.c
		___wmul        		CODE           	2776	0000	38

C:\Program Files\Microchip\xc8\v2.36\pic\sources\c99\common\Umul16.c estimated size: 38

